// Jest Snapshot v1, https://goo.gl/fbAQLP

exports[`Pruebas en <JournalEntry /> debe mostrarse correctamente 1`] = `
<div
  className="journal__entry pointer animate__animated animate__fadeIn animate__faster"
  onClick={[Function]}
>
  <div
    className="journal__entry-picture"
    style={
      Object {
        "backgroundImage": "url( https://foto.png )",
        "backgroundSize": "cover",
      }
    }
  />
  <div
    className="journal__entry-body"
  >
    <p
      className="journal__entry-title"
    />
    <p
      className="jornal__entry-content"
    />
  </div>
  <div
    className="journal__entry-date-box"
  >
    <span>
      Tuesday
    </span>
    <h4>
      1st
    </h4>
  </div>
</div>
`;
